tape=regex-log__HM89SBD pass=1 request=1/2 ok=True
tape=regex-log__HM89SBD pass=1 request=2/2 ok=True
tape=regex-log__HM89SBD pass=2 request=1/2 ok=True
tape=regex-log__HM89SBD pass=2 request=2/2 ok=True
tape=openssl-selfsigned-cert__oCvmg5c pass=1 request=1/2 ok=True
tape=openssl-selfsigned-cert__oCvmg5c pass=1 request=2/2 ok=True
tape=openssl-selfsigned-cert__oCvmg5c pass=2 request=1/2 ok=True
tape=openssl-selfsigned-cert__oCvmg5c pass=2 request=2/2 ok=True
tape=multi-source-data-merger__bUyWMFa pass=1 request=1/2 ok=True
tape=multi-source-data-merger__bUyWMFa pass=1 request=2/2 ok=True
tape=multi-source-data-merger__bUyWMFa pass=2 request=1/2 ok=True
tape=multi-source-data-merger__bUyWMFa pass=2 request=2/2 ok=True
tape=constraints-scheduling__aaSRUnD pass=1 request=1/2 ok=True
tape=constraints-scheduling__aaSRUnD pass=1 request=2/2 ok=True
tape=constraints-scheduling__aaSRUnD pass=2 request=1/2 ok=True
tape=constraints-scheduling__aaSRUnD pass=2 request=2/2 ok=True
tape=sqlite-db-truncate__Z9iGbrN pass=1 request=1/3 ok=True
tape=sqlite-db-truncate__Z9iGbrN pass=1 request=2/3 ok=True
tape=sqlite-db-truncate__Z9iGbrN pass=1 request=3/3 ok=True
tape=sqlite-db-truncate__Z9iGbrN pass=2 request=1/3 ok=True
tape=sqlite-db-truncate__Z9iGbrN pass=2 request=2/3 ok=True
tape=sqlite-db-truncate__Z9iGbrN pass=2 request=3/3 ok=True
{
  "schema_version": "1.0",
  "model": "gemma4-e4b-qat-q4_0",
  "base_url": "http://127.0.0.1:8080/v1/chat/completions",
  "tapes_manifest": "traces/tapes/manifest.json",
  "measurement_convention": "each tape replayed consecutively twice; metrics summarize pass 2 only",
  "all_passes": {
    "requests": 22,
    "successful": 22,
    "prompt_ms": {
      "mean": 544.3977272727273,
      "p50": 492.991,
      "p95": 1355.6499
    },
    "predicted_per_second": {
      "mean": 51.951047489687035,
      "p50": 52.06209178061543,
      "p95": 53.16872522315846
    },
    "tpot_ms": {
      "mean": 19.255719931169054,
      "p50": 19.20794645997539,
      "p95": 19.92117977652678
    },
    "cache_n": {
      "mean": 1024.909090909091,
      "p50": 904.5,
      "p95": 4360.899999999998
    },
    "prompt_n": {
      "mean": 1124.5454545454545,
      "p50": 900.5,
      "p95": 3134.45
    },
    "predicted_n": {
      "mean": 1788.8181818181818,
      "p50": 965.0,
      "p95": 4939.75
    }
  },
  "cache_warm_pass_2": {
    "requests": 11,
    "successful": 11,
    "prompt_ms": {
      "mean": 366.8712727272727,
      "p50": 377.423,
      "p95": 848.9765
    },
    "predicted_per_second": {
      "mean": 52.05343024601564,
      "p50": 52.18824416896012,
      "p95": 53.198206169912766
    },
    "tpot_ms": {
      "mean": 19.217831726096495,
      "p50": 19.161403414195867,
      "p95": 19.82961447273417
    },
    "cache_n": {
      "mean": 1411.090909090909,
      "p50": 996.0,
      "p95": 4828.5
    },
    "prompt_n": {
      "mean": 738.3636363636364,
      "p50": 663.0,
      "p95": 2022.5
    },
    "predicted_n": {
      "mean": 1596.909090909091,
      "p50": 817.0,
      "p95": 4458.5
    }
  },
  "records": "results/anchor_official_qat_q4_0/replayer/records.jsonl",
  "completed_unix_s": 1785863297.0596964
}
